******************************************************************************
                  TI ARM Linker PC v20.2.5                     
******************************************************************************
>> Linked Mon Dec  6 21:33:36 2021

OUTPUT FILE NAME:   <proj_dcn6334.out>
ENTRY POINT SYMBOL: "_c_int00_noargs"  address: 00004a05


MEMORY CONFIGURATION

         name            origin    length      used     unused   attr    fill
----------------------  --------  ---------  --------  --------  ----  --------
  FLASH                 00000000   00040000  00004cbd  0003b343  R  X
  SRAM                  20000000   00008000  0000333a  00004cc6  RW X


SEGMENT ALLOCATION MAP

run origin  load origin   length   init length attrs members
----------  ----------- ---------- ----------- ----- -------
00000000    00000000    00004cc0   00004cc0    r-x
  00000000    00000000    0000026c   0000026c    r-- .intvecs
  0000026c    0000026c    00004918   00004918    r-x .text
  00004b84    00004b84    00000101   00000101    r-- .const
  00004c88    00004c88    00000038   00000038    r-- .cinit
20000000    20000000    0000333a   00000000    rw-
  20000000    20000000    00002ee0   00000000    rw- .stack
  20002ee0    20002ee0    00000438   00000000    rw- .bss
  20003318    20003318    00000022   00000000    rw- .data


SECTION ALLOCATION MAP

 output                                  attributes/
section   page    origin      length       input sections
--------  ----  ----------  ----------   ----------------
.intvecs   0    00000000    0000026c     
                  00000000    0000026c     tm4c123gh6pm_startup_ccs.obj (.intvecs)

.text      0    0000026c    00004918     
                  0000026c    000015e8     proj_dcn6334.obj (.text)
                  00001854    00000a4e     rtsv7M4_T_le_v4SPD16_eabi.lib : _printfi.c.obj (.text:__TI_printfi)
                  000022a2    00000002                                   : div0.asm.obj (.text)
                  000022a4    000007c0     gpio.obj (.text)
                  00002a64    000006bc     cli.obj (.text)
                  00003120    000002ac     i2c0.obj (.text)
                  000033cc    00000270     rtsv7M4_T_le_v4SPD16_eabi.lib : _printfi.c.obj (.text:_pconv_a)
                  0000363c    000001d0                                   : _printfi.c.obj (.text:_pconv_g)
                  0000380c    000001b6                                   : fd_add_t2.asm.obj (.text)
                  000039c2    00000002     --HOLE-- [fill = 0]
                  000039c4    0000017c     uart0.obj (.text)
                  00003b40    0000013c     rtsv7M4_T_le_v4SPD16_eabi.lib : _printfi.c.obj (.text:_pconv_e)
                  00003c7c    00000136                                   : fd_div_t2.asm.obj (.text)
                  00003db2    00000002     --HOLE-- [fill = 0]
                  00003db4    00000124                                   : _printfi.c.obj (.text:fcvt)
                  00003ed8    00000110                                   : s_scalbn.c.obj (.text:scalbn)
                  00003fe8    000000fc                                   : fd_mul_t2.asm.obj (.text)
                  000040e4    000000f8                                   : s_floor.c.obj (.text:floor)
                  000041dc    000000b8     hibernation.obj (.text)
                  00004294    000000b1     rtsv7M4_T_le_v4SPD16_eabi.lib : _printfi.c.obj (.text:_ltostr)
                  00004345    00000001     --HOLE-- [fill = 0]
                  00004346    0000009c                                   : memcpy_t2.asm.obj (.text)
                  000043e2    00000096                                   : ull_div_t2.asm.obj (.text)
                  00004478    00000086                                   : fd_cmp_t2.asm.obj (.text:__aeabi_cdcmple)
                  000044fe    00000086                                   : fd_cmp_t2.asm.obj (.text:__aeabi_cdrcmple)
                  00004584    0000007a                                   : memset_t2.asm.obj (.text)
                  000045fe    00000078     tString.obj (.text)
                  00004676    0000006e     rtsv7M4_T_le_v4SPD16_eabi.lib : _printfi.c.obj (.text:_mcpy)
                  000046e4    00000068                                   : copy_decompress_lzss.c.obj (.text:decompress:lzss:__TI_decompress_lzss)
                  0000474c    00000064                                   : s_frexp.c.obj (.text:frexp)
                  000047b0    00000056                                   : _printfi.c.obj (.text:_pconv_f)
                  00004806    00000054                                   : _ltoa.c.obj (.text:__TI_ltoa)
                  0000485a    00000052                                   : _printfi.c.obj (.text:_ecpy)
                  000048ac    0000004c                                   : atoi.c.obj (.text:atoi)
                  000048f8    00000048                                   : fd_toi_t2.asm.obj (.text)
                  00004940    00000044                                   : autoinit.c.obj (.text:__TI_auto_init_nobinit_nopinit:__TI_auto_init_nobinit_nopinit)
                  00004984    00000040                                   : sprintf.c.obj (.text:sprintf)
                  000049c4    0000003e                                   : _printfi.c.obj (.text:_fcpy)
                  00004a02    00000002     --HOLE-- [fill = 0]
                  00004a04    00000034                                   : boot_cortex_m.c.obj (.text:_c_int00_noargs:_c_int00_noargs)
                  00004a38    0000002e                                   : i_tofd_t2.asm.obj (.text)
                  00004a66    00000024     wait.obj (.text)
                  00004a8a    00000020     rtsv7M4_T_le_v4SPD16_eabi.lib : u_tofd_t2.asm.obj (.text)
                  00004aaa    0000001c                                   : memccpy.c.obj (.text:memccpy)
                  00004ac6    0000001a                                   : s_copysign.c.obj (.text:copysign)
                  00004ae0    00000018                                   : sprintf.c.obj (.text:_outs)
                  00004af8    00000016                                   : strchr.c.obj (.text:strchr)
                  00004b0e    00000014                                   : strlen.c.obj (.text:strlen)
                  00004b22    00000012                                   : wcslen.c.obj (.text:wcslen)
                  00004b34    00000010     clock.obj (.text)
                  00004b44    0000000e     rtsv7M4_T_le_v4SPD16_eabi.lib : copy_decompress_none.c.obj (.text:decompress:none:__TI_decompress_none)
                  00004b52    0000000c                                   : copy_zero_init.c.obj (.text:decompress:ZI:__TI_zero_init)
                  00004b5e    0000000c     tm4c123gh6pm_startup_ccs.obj (.text)
                  00004b6a    0000000a     rtsv7M4_T_le_v4SPD16_eabi.lib : sprintf.c.obj (.text:_outc)
                  00004b74    00000008                                   : errno.c.obj (.text:__aeabi_errno_addr)
                  00004b7c    00000004                                   : pre_init.c.obj (.text:_system_pre_init)
                  00004b80    00000004                                   : exit.c.obj (.text:abort:abort)

.const     0    00004b84    00000101     
                  00004b84    00000101     rtsv7M4_T_le_v4SPD16_eabi.lib : ctype.c.obj (.const:.string:_ctypes_)

.cinit     0    00004c88    00000038     
                  00004c88    00000012     (.cinit..data.load) [load image, compression = lzss]
                  00004c9a    00000002     --HOLE-- [fill = 0]
                  00004c9c    0000000c     (__TI_handler_table)
                  00004ca8    00000008     (.cinit..bss.load) [load image, compression = zero_init]
                  00004cb0    00000010     (__TI_cinit_table)

.init_array 
*          0    00000000    00000000     UNINITIALIZED

.bss       0    20002ee0    00000438     UNINITIALIZED
                  20002ee0    00000400     (.common:eeprom)
                  200032e0    00000034     (.common:history)
                  20003314    00000004     (.common:N)

.data      0    20003318    00000022     UNINITIALIZED
                  20003318    00000018     proj_dcn6334.obj (.data:daysOfEachMonth)
                  20003330    00000004     proj_dcn6334.obj (.data)
                  20003334    00000004     rtsv7M4_T_le_v4SPD16_eabi.lib : errno.c.obj (.data)
                  20003338    00000002     cli.obj (.data)

.stack     0    20000000    00002ee0     UNINITIALIZED
                  20000000    00000004     rtsv7M4_T_le_v4SPD16_eabi.lib : boot_cortex_m.c.obj (.stack)
                  20000004    00002edc     --HOLE--

__llvm_prf_cnts 
*          0    20000000    00000000     UNINITIALIZED

MODULE SUMMARY

       Module                         code    ro data   rw data
       ------                         ----    -------   -------
    .\
       proj_dcn6334.obj               5608    0         1056   
       gpio.obj                       1984    0         0      
       cli.obj                        1724    0         54     
       i2c0.obj                       684     0         0      
       tm4c123gh6pm_startup_ccs.obj   12      620       0      
       uart0.obj                      380     0         0      
       hibernation.obj                184     0         0      
       tString.obj                    120     0         0      
       wait.obj                       36      0         0      
       clock.obj                      16      0         0      
    +--+------------------------------+-------+---------+---------+
       Total:                         10748   620       1110   
                                                               
    C:\ti\ccs1040\ccs\tools\compiler\ti-cgt-arm_20.2.5.LTS\lib\rtsv7M4_T_le_v4SPD16_eabi.lib
       _printfi.c.obj                 4851    0         0      
       fd_add_t2.asm.obj              438     0         0      
       fd_div_t2.asm.obj              310     0         0      
       s_scalbn.c.obj                 272     0         0      
       fd_cmp_t2.asm.obj              268     0         0      
       ctype.c.obj                    0       257       0      
       fd_mul_t2.asm.obj              252     0         0      
       s_floor.c.obj                  248     0         0      
       memcpy_t2.asm.obj              156     0         0      
       ull_div_t2.asm.obj             150     0         0      
       memset_t2.asm.obj              122     0         0      
       copy_decompress_lzss.c.obj     104     0         0      
       s_frexp.c.obj                  100     0         0      
       sprintf.c.obj                  98      0         0      
       _ltoa.c.obj                    84      0         0      
       atoi.c.obj                     76      0         0      
       fd_toi_t2.asm.obj              72      0         0      
       autoinit.c.obj                 68      0         0      
       boot_cortex_m.c.obj            52      0         0      
       i_tofd_t2.asm.obj              46      0         0      
       u_tofd_t2.asm.obj              32      0         0      
       memccpy.c.obj                  28      0         0      
       s_copysign.c.obj               26      0         0      
       strchr.c.obj                   22      0         0      
       strlen.c.obj                   20      0         0      
       wcslen.c.obj                   18      0         0      
       copy_decompress_none.c.obj     14      0         0      
       copy_zero_init.c.obj           12      0         0      
       errno.c.obj                    8       0         4      
       exit.c.obj                     4       0         0      
       pre_init.c.obj                 4       0         0      
       div0.asm.obj                   2       0         0      
    +--+------------------------------+-------+---------+---------+
       Total:                         7957    257       4      
                                                               
       Stack:                         0       0         12000  
       Linker Generated:              0       54        0      
    +--+------------------------------+-------+---------+---------+
       Grand Total:                   18705   931       13114  


LINKER GENERATED COPY TABLES

__TI_cinit_table @ 00004cb0 records: 2, size/record: 8, table size: 16
	.data: load addr=00004c88, load size=00000012 bytes, run addr=20003318, run size=00000022 bytes, compression=lzss
	.bss: load addr=00004ca8, load size=00000008 bytes, run addr=20002ee0, run size=00000438 bytes, compression=zero_init


LINKER GENERATED HANDLER TABLE

__TI_handler_table @ 00004c9c records: 3, size/record: 4, table size: 12
	index: 0, handler: __TI_decompress_lzss
	index: 1, handler: __TI_decompress_none
	index: 2, handler: __TI_zero_init


GLOBAL SYMBOLS: SORTED ALPHABETICALLY BY Name 

address   name                          
-------   ----                          
00004b81  C$$EXIT                       
20003314  N                             
00004b5f  ResetISR                      
20002ee0  __STACK_END                   
00002ee0  __STACK_SIZE                  
20000200  __STACK_TOP                   
00004cb0  __TI_CINIT_Base               
00004cc0  __TI_CINIT_Limit              
00004c9c  __TI_Handler_Table_Base       
00004ca8  __TI_Handler_Table_Limit      
00004941  __TI_auto_init_nobinit_nopinit
000046e5  __TI_decompress_lzss          
00004b45  __TI_decompress_none          
00004807  __TI_ltoa                     
ffffffff  __TI_pprof_out_hndl           
00001855  __TI_printfi                  
ffffffff  __TI_prof_data_size           
ffffffff  __TI_prof_data_start          
00000000  __TI_static_base__            
00004b53  __TI_zero_init                
00004479  __aeabi_cdcmpeq               
00004479  __aeabi_cdcmple               
000044ff  __aeabi_cdrcmple              
000048f9  __aeabi_d2iz                  
00003817  __aeabi_dadd                  
00003c7d  __aeabi_ddiv                  
00003fe9  __aeabi_dmul                  
0000380d  __aeabi_dsub                  
00004b75  __aeabi_errno_addr            
00004a39  __aeabi_i2d                   
000022a3  __aeabi_idiv0                 
000022a3  __aeabi_ldiv0                 
00004585  __aeabi_memclr                
00004585  __aeabi_memclr4               
00004585  __aeabi_memclr8               
00004347  __aeabi_memcpy                
00004347  __aeabi_memcpy4               
00004347  __aeabi_memcpy8               
00004587  __aeabi_memset                
00004587  __aeabi_memset4               
00004587  __aeabi_memset8               
00004a8b  __aeabi_ui2d                  
000043e3  __aeabi_uldivmod              
ffffffff  __binit__                     
ffffffff  __c_args__                    
UNDEFED   __mpu_init                    
20000000  __stack                       
20000000  __start___llvm_prf_cnts       
20000000  __stop___llvm_prf_cnts        
00004a05  _c_int00_noargs               
00004b84  _ctypes_                      
UNDEFED   _system_post_cinit            
00004b7d  _system_pre_init              
00004b81  abort                         
000048ad  atoi                          
ffffffff  binit                         
000041e7  checkIfConfigured             
00004ac7  copysign                      
00004ac7  copysignl                     
20003330  count1                        
20003318  daysOfEachMonth               
000028d5  disablePinInterrupt           
0000260d  disablePinPulldown            
000025c5  disablePinPullup              
00002361  disablePort                   
20002ee0  eeprom                        
000028b1  enablePinInterrupt            
000025e9  enablePinPulldown             
00002597  enablePinPullup               
000022a5  enablePort                    
20003334  errno                         
000040e5  floor                         
000040e5  floorl                        
0000474d  frexp                         
0000474d  frexpl                        
00000000  g_pfnVectors                  
00002ac5  getCommandFromHistory         
00002d49  getFieldInteger               
00002cf7  getFieldString                
0000291f  getPinValue                   
000029d5  getPortValue                  
00000661  getSensorTemp                 
000005fd  getTemp                       
00003acd  getcUart0                     
00002ac9  getsUart0                     
00004235  hibernate                     
200032e0  history                       
20003338  historyReadPtr                
20003339  historyWritePtr               
00000583  init24lc512                   
00004211  initHibernationModule         
00003121  initI2c0                      
00002dc9  initLed                       
00000911  initLevelShift                
00000513  initMPU                       
00000559  initRTC                       
00004b35  initSystemClockTo40Mhz        
000004cd  initTemp                      
000039c5  initUart0                     
00002ded  ipcs                          
00002cbf  isCommand                     
00003399  isI2c0Error                   
00003ae1  kbhitUart0                    
00002df7  kill                          
00003ed9  ldexp                         
00003ed9  ldexpl                        
00000969  main                          
00004aab  memccpy                       
00004347  memcpy                        
0000458d  memset                        
00002b59  parseField                    
00002e13  pi                            
00002e8b  pidof                         
00003353  pollI2c0Address               
00002e3b  preempt                       
00002de3  ps                            
00003a85  putcUart0                     
00003aa1  putsUart0                     
0000044f  rEeprom                       
00000789  readAcceleration              
0000087d  readCompass                   
000006b1  readGyro                      
000031b1  readI2c0Data                  
000032f5  readI2c0Register              
0000026d  readI2c0Register16            
00002ddb  rebootSystem                  
00000573  resetRTC                      
000041f5  rtcCausedWakeUp               
00003ed9  scalbn                        
00003ed9  scalbnl                       
00002e63  sched                         
000024cb  selectPinAnalogInput          
0000247d  selectPinDigitalInput         
000027e7  selectPinInterruptBothEdges   
00002797  selectPinInterruptFallingEdge 
0000283d  selectPinInterruptHighLevel   
00002877  selectPinInterruptLowLevel    
00002747  selectPinInterruptRisingEdge  
0000242f  selectPinOpenDrainOutput      
000023e1  selectPinPushPullOutput       
00002635  setPinAuxFunction             
0000251b  setPinCommitControl           
000028f9  setPinValue                   
00002951  setPortValue                  
00003a59  setUart0BaudRate              
00002eb1  shell                         
00004985  sprintf                       
00004af9  strchr                        
000045ff  stringCompare                 
00004b0f  strlen                        
00002a65  updateHistory                 
000002ef  wEeprom                       
00004a67  waitMicrosecond               
000041dd  waitUntilWriteComplete        
00004203  wakePinCausedWakeUp           
00004b23  wcslen                        
0000317b  writeI2c0Data                 
000031e5  writeI2c0Register             
0000323b  writeI2c0Registers            


GLOBAL SYMBOLS: SORTED BY Symbol Address 

address   name                          
-------   ----                          
00000000  __TI_static_base__            
00000000  g_pfnVectors                  
0000026d  readI2c0Register16            
000002ef  wEeprom                       
0000044f  rEeprom                       
000004cd  initTemp                      
00000513  initMPU                       
00000559  initRTC                       
00000573  resetRTC                      
00000583  init24lc512                   
000005fd  getTemp                       
00000661  getSensorTemp                 
000006b1  readGyro                      
00000789  readAcceleration              
0000087d  readCompass                   
00000911  initLevelShift                
00000969  main                          
00001855  __TI_printfi                  
000022a3  __aeabi_idiv0                 
000022a3  __aeabi_ldiv0                 
000022a5  enablePort                    
00002361  disablePort                   
000023e1  selectPinPushPullOutput       
0000242f  selectPinOpenDrainOutput      
0000247d  selectPinDigitalInput         
000024cb  selectPinAnalogInput          
0000251b  setPinCommitControl           
00002597  enablePinPullup               
000025c5  disablePinPullup              
000025e9  enablePinPulldown             
0000260d  disablePinPulldown            
00002635  setPinAuxFunction             
00002747  selectPinInterruptRisingEdge  
00002797  selectPinInterruptFallingEdge 
000027e7  selectPinInterruptBothEdges   
0000283d  selectPinInterruptHighLevel   
00002877  selectPinInterruptLowLevel    
000028b1  enablePinInterrupt            
000028d5  disablePinInterrupt           
000028f9  setPinValue                   
0000291f  getPinValue                   
00002951  setPortValue                  
000029d5  getPortValue                  
00002a65  updateHistory                 
00002ac5  getCommandFromHistory         
00002ac9  getsUart0                     
00002b59  parseField                    
00002cbf  isCommand                     
00002cf7  getFieldString                
00002d49  getFieldInteger               
00002dc9  initLed                       
00002ddb  rebootSystem                  
00002de3  ps                            
00002ded  ipcs                          
00002df7  kill                          
00002e13  pi                            
00002e3b  preempt                       
00002e63  sched                         
00002e8b  pidof                         
00002eb1  shell                         
00002ee0  __STACK_SIZE                  
00003121  initI2c0                      
0000317b  writeI2c0Data                 
000031b1  readI2c0Data                  
000031e5  writeI2c0Register             
0000323b  writeI2c0Registers            
000032f5  readI2c0Register              
00003353  pollI2c0Address               
00003399  isI2c0Error                   
0000380d  __aeabi_dsub                  
00003817  __aeabi_dadd                  
000039c5  initUart0                     
00003a59  setUart0BaudRate              
00003a85  putcUart0                     
00003aa1  putsUart0                     
00003acd  getcUart0                     
00003ae1  kbhitUart0                    
00003c7d  __aeabi_ddiv                  
00003ed9  ldexp                         
00003ed9  ldexpl                        
00003ed9  scalbn                        
00003ed9  scalbnl                       
00003fe9  __aeabi_dmul                  
000040e5  floor                         
000040e5  floorl                        
000041dd  waitUntilWriteComplete        
000041e7  checkIfConfigured             
000041f5  rtcCausedWakeUp               
00004203  wakePinCausedWakeUp           
00004211  initHibernationModule         
00004235  hibernate                     
00004347  __aeabi_memcpy                
00004347  __aeabi_memcpy4               
00004347  __aeabi_memcpy8               
00004347  memcpy                        
000043e3  __aeabi_uldivmod              
00004479  __aeabi_cdcmpeq               
00004479  __aeabi_cdcmple               
000044ff  __aeabi_cdrcmple              
00004585  __aeabi_memclr                
00004585  __aeabi_memclr4               
00004585  __aeabi_memclr8               
00004587  __aeabi_memset                
00004587  __aeabi_memset4               
00004587  __aeabi_memset8               
0000458d  memset                        
000045ff  stringCompare                 
000046e5  __TI_decompress_lzss          
0000474d  frexp                         
0000474d  frexpl                        
00004807  __TI_ltoa                     
000048ad  atoi                          
000048f9  __aeabi_d2iz                  
00004941  __TI_auto_init_nobinit_nopinit
00004985  sprintf                       
00004a05  _c_int00_noargs               
00004a39  __aeabi_i2d                   
00004a67  waitMicrosecond               
00004a8b  __aeabi_ui2d                  
00004aab  memccpy                       
00004ac7  copysign                      
00004ac7  copysignl                     
00004af9  strchr                        
00004b0f  strlen                        
00004b23  wcslen                        
00004b35  initSystemClockTo40Mhz        
00004b45  __TI_decompress_none          
00004b53  __TI_zero_init                
00004b5f  ResetISR                      
00004b75  __aeabi_errno_addr            
00004b7d  _system_pre_init              
00004b81  C$$EXIT                       
00004b81  abort                         
00004b84  _ctypes_                      
00004c9c  __TI_Handler_Table_Base       
00004ca8  __TI_Handler_Table_Limit      
00004cb0  __TI_CINIT_Base               
00004cc0  __TI_CINIT_Limit              
20000000  __stack                       
20000000  __start___llvm_prf_cnts       
20000000  __stop___llvm_prf_cnts        
20000200  __STACK_TOP                   
20002ee0  __STACK_END                   
20002ee0  eeprom                        
200032e0  history                       
20003314  N                             
20003318  daysOfEachMonth               
20003330  count1                        
20003334  errno                         
20003338  historyReadPtr                
20003339  historyWritePtr               
ffffffff  __TI_pprof_out_hndl           
ffffffff  __TI_prof_data_size           
ffffffff  __TI_prof_data_start          
ffffffff  __binit__                     
ffffffff  __c_args__                    
ffffffff  binit                         
UNDEFED   __mpu_init                    
UNDEFED   _system_post_cinit            

[159 symbols]
